============================= test session starts ==============================
platform linux -- Python 3.14.5, pytest-9.0.3, pluggy-1.6.0
rootdir: /home/scrimas/Projects/SeqProfiler
collected 14 items

tests/test_sequence_properties.py ..............                         [100%]

============================== 14 passed in 0.05s ==============================
